2025-04-10 17:30:22 INFO            _                _                      
2025-04-10 17:30:22 INFO           / \   ___ ___ ___| | ___ _ __ __ _ _   _ 
2025-04-10 17:30:22 INFO          / _ \ / __/ __/ _ \ |/ _ \ '__/ _` | | | |
2025-04-10 17:30:22 INFO         / ___ \ (_| (_|  __/ |  __/ | | (_| | |_| |
2025-04-10 17:30:22 INFO        /_/   \_\___\___\___|_|\___|_|  \__, |\__, |
2025-04-10 17:30:22 INFO                                        |___/ |___/ 
2025-04-10 17:30:22 INFO        generating outputs according to the following specified output flags... 
2025-04-10 17:30:22 INFO         Please use the -f flag to update the preference (default to all output files)
2025-04-10 17:30:22 INFO        {'ERT': 1, 'ERT_summary': 1, 'ART': 1, 'ART_summary': 1, 'energy_estimation': 1, 'flattened_arch': 1}
2025-04-10 17:30:22 INFO        Located config file at /home/workspace/.config/accelergy/accelergy_config.yaml.
2025-04-10 17:30:22 INFO        config file located:
2025-04-10 17:30:22 INFO        /home/workspace/.config/accelergy/accelergy_config.yaml
2025-04-10 17:30:22 INFO        YAML Setting environment variable TIMELOOP_OUTPUT_STAT_SCIENTIFIC to 1
2025-04-10 17:30:22 INFO        YAML Setting environment variable TIMELOOP_OUTPUT_STAT_DEFAULT_FLOAT to 0
2025-04-10 17:30:22 INFO        YAML Setting environment variable TIMELOOP_HIDE_INCONSEQUENTIAL_STATS to 0
2025-04-10 17:30:22 INFO        YAML Adding expression custom functions from /home/workspace/models/include/slicing_encoding.py
2025-04-10 17:30:22 INFO        YAML Adding plug-in path /home/workspace/models/components/accelergy_plug_ins
2025-04-10 17:30:22 INFO        Parsing file /home/workspace/outputs/SRAM_alexnet_128_final/SRAM_alexnet_128_final_layer_2/parsed-processed-input.yaml for architecture info
2025-04-10 17:30:22 INFO        Adding function List from /home/workspace/models/include/slicing_encoding.py to the script library.
2025-04-10 17:30:22 INFO        Adding function NamedTuple from /home/workspace/models/include/slicing_encoding.py to the script library.
2025-04-10 17:30:22 INFO        Adding function ProbableBits from /home/workspace/models/include/slicing_encoding.py to the script library.
2025-04-10 17:30:22 INFO        Adding function Union from /home/workspace/models/include/slicing_encoding.py to the script library.
2025-04-10 17:30:22 INFO        Adding function assert_hist_pow2_minus1 from /home/workspace/models/include/slicing_encoding.py to the script library.
2025-04-10 17:30:22 INFO        Adding function encoded_hist_to_avg_slice from /home/workspace/models/include/slicing_encoding.py to the script library.
2025-04-10 17:30:22 INFO        Adding function get_num_bits from /home/workspace/models/include/slicing_encoding.py to the script library.
2025-04-10 17:30:22 INFO        Adding function hist_to_magnitude from /home/workspace/models/include/slicing_encoding.py to the script library.
2025-04-10 17:30:22 INFO        Adding function is_hist_signed from /home/workspace/models/include/slicing_encoding.py to the script library.
2025-04-10 17:30:22 INFO        Adding function log2 from /home/workspace/models/include/slicing_encoding.py to the script library.
2025-04-10 17:30:22 INFO        Adding function magnitude_encode_hist from /home/workspace/models/include/slicing_encoding.py to the script library.
2025-04-10 17:30:22 INFO        Adding function norm from /home/workspace/models/include/slicing_encoding.py to the script library.
2025-04-10 17:30:22 INFO        Adding function norm_encoded_hist from /home/workspace/models/include/slicing_encoding.py to the script library.
2025-04-10 17:30:22 INFO        Adding function offset_encode_hist from /home/workspace/models/include/slicing_encoding.py to the script library.
2025-04-10 17:30:22 INFO        Adding function offset_encode_if_signed_hist from /home/workspace/models/include/slicing_encoding.py to the script library.
2025-04-10 17:30:22 INFO        Adding function to_bits_unsigned from /home/workspace/models/include/slicing_encoding.py to the script library.
2025-04-10 17:30:22 INFO        Adding function two_part_magnitude_encode_hist from /home/workspace/models/include/slicing_encoding.py to the script library.
2025-04-10 17:30:22 INFO        Adding function two_part_magnitude_encode_if_signed_hist from /home/workspace/models/include/slicing_encoding.py to the script library.
2025-04-10 17:30:22 INFO        Adding function xnor_encode_hist from /home/workspace/models/include/slicing_encoding.py to the script library.
2025-04-10 17:30:22 INFO        Adding function zero_gated_xnor_encode_hist from /home/workspace/models/include/slicing_encoding.py to the script library.
2025-04-10 17:30:22 INFO        Calculated arch attribute "INPUT_ENCODING_FUNC" as "offset_encode_hist" = <function offset_encode_hist at 0x7f608c138040>.
2025-04-10 17:30:22 INFO        Calculated arch attribute "WEIGHT_ENCODING_FUNC" as "offset_encode_hist" = <function offset_encode_hist at 0x7f608c138040>.
2025-04-10 17:30:22 INFO        Calculated arch attribute "_EHTAS" as "encoded_hist_to_avg_slice" = <function encoded_hist_to_avg_slice at 0x7f608c138a60>.
2025-04-10 17:30:22 INFO        Calculated arch attribute "_IN_ENC_FN" as "INPUT_ENCODING_FUNC" = <function get_callable_lambda.<locals>.<lambda> at 0x7f608c303130>.
2025-04-10 17:30:22 INFO        Calculated arch attribute "_W_ENC_FN" as "WEIGHT_ENCODING_FUNC" = <function get_callable_lambda.<locals>.<lambda> at 0x7f608c138b80>.
2025-04-10 17:30:22 INFO        Parsing file /home/workspace/outputs/SRAM_alexnet_128_final/SRAM_alexnet_128_final_layer_2/parsed-processed-input.yaml for compound_components info
2025-04-10 17:30:23 INFO        YAML Setting environment variable TIMELOOP_OUTPUT_STAT_SCIENTIFIC to 1
2025-04-10 17:30:23 INFO        YAML Setting environment variable TIMELOOP_OUTPUT_STAT_DEFAULT_FLOAT to 0
2025-04-10 17:30:23 INFO        YAML Setting environment variable TIMELOOP_HIDE_INCONSEQUENTIAL_STATS to 0
2025-04-10 17:30:23 INFO        YAML Adding expression custom functions from /home/workspace/models/include/slicing_encoding.py
2025-04-10 17:30:23 INFO        YAML Adding plug-in path /home/workspace/models/components/accelergy_plug_ins
2025-04-10 17:30:23 INFO        Calculated Architecture class adc attributes"adc_estimator_plug_in" as "None" = None.
2025-04-10 17:30:23 INFO        Estimator plug-in identified by: /usr/local/share/accelergy/estimation_plug_ins/accelergy-neurosim-plugin/neurosim.estimator.yaml
2025-04-10 17:30:23 INFO        Estimator plug-in identified by: /usr/local/share/accelergy/estimation_plug_ins/dummy_tables/dummy.estimator.yaml
2025-04-10 17:30:23 INFO        Estimator plug-in identified by: /usr/local/share/accelergy/estimation_plug_ins/accelergy-library-plugin/library.estimator.yaml
2025-04-10 17:30:23 INFO        Estimator plug-in identified by: /usr/local/share/accelergy/estimation_plug_ins/accelergy-aladdin-plug-in/aladdin.estimator.yaml
2025-04-10 17:30:23 INFO        Estimator plug-in identified by: /usr/local/share/accelergy/estimation_plug_ins/accelergy-cacti-plug-in/cacti.estimator.yaml
2025-04-10 17:30:23 INFO        Estimator plug-in identified by: /usr/local/share/accelergy/estimation_plug_ins/accelergy-adc-plug-in/adc.estimator.yaml
2025-04-10 17:30:23 INFO        Estimator plug-in identified by: /usr/local/share/accelergy/estimation_plug_ins/accelergy-table-based-plug-ins/table.estimator.yaml
2025-04-10 17:30:23 INFO        Loading Python plug-in: /home/workspace/models/components/accelergy_plug_ins/misc.py. Errors below are likely due to plug-in, not Accelergy.
2025-04-10 17:30:23 INFO        Getting all estimators in module <module 'python_plug_in0' from '/home/workspace/models/components/accelergy_plug_ins/misc.py'>
2025-04-10 17:30:23 INFO        Added estimator Capacitor that estimates capacitor with actions charge, idle, leak, raise_voltage_to, raise_voltage_to_from_non_supply, read, switch, update, write, leak
2025-04-10 17:30:23 INFO        Added estimator PassGate that estimates pass_gate with actions idle, leak
2025-04-10 17:30:23 INFO        Added estimator Wire that estimates wire with actions charge, idle, leak, raise_voltage_to, raise_voltage_to_from_non_supply, read, switch, update, write, leak
2025-04-10 17:30:23 INFO        Loading Python plug-in: /home/workspace/models/components/accelergy_plug_ins/X2X_ladder.py. Errors below are likely due to plug-in, not Accelergy.
2025-04-10 17:30:23 INFO        Getting all estimators in module <module 'python_plug_in1' from '/home/workspace/models/components/accelergy_plug_ins/X2X_ladder.py'>
2025-04-10 17:30:23 INFO        Added estimator DigitalAnalogConverterX2XLadder that estimates dac_x2x_ladder with actions convert, idle, leak, leak
2025-04-10 17:30:23 INFO        Added estimator DigitalAnalogConverter_C2C that estimates dac_c2c_ladder with actions convert, idle, leak, leak
2025-04-10 17:30:23 INFO        Added estimator DigitalAnalogConverter_R2R that estimates dac_r2r_ladder with actions convert, idle, leak, leak
2025-04-10 17:30:23 INFO        Loading Python plug-in: /home/workspace/models/components/accelergy_plug_ins/utils/bit_functions.py. Errors below are likely due to plug-in, not Accelergy.
2025-04-10 17:30:23 INFO        Getting all estimators in module <module 'python_plug_in2' from '/home/workspace/models/components/accelergy_plug_ins/utils/bit_functions.py'>
2025-04-10 17:30:23 INFO        Loading Python plug-in: /home/workspace/models/components/accelergy_plug_ins/utils/__init__.py. Errors below are likely due to plug-in, not Accelergy.
2025-04-10 17:30:23 INFO        Getting all estimators in module <module 'python_plug_in3' from '/home/workspace/models/components/accelergy_plug_ins/utils/__init__.py'>
2025-04-10 17:30:23 INFO        Loading Python plug-in: /home/workspace/models/components/accelergy_plug_ins/utils/__pycache__/bit_functions.cpython-310.pyc. Errors below are likely due to plug-in, not Accelergy.
2025-04-10 17:30:23 INFO        Loading Python plug-in: /home/workspace/models/components/accelergy_plug_ins/utils/__pycache__/__init__.cpython-310.pyc. Errors below are likely due to plug-in, not Accelergy.
2025-04-10 17:30:23 INFO        Loading Python plug-in: /home/workspace/models/components/accelergy_plug_ins/__pycache__/misc.cpython-310.pyc. Errors below are likely due to plug-in, not Accelergy.
2025-04-10 17:30:23 INFO        Loading Python plug-in: /home/workspace/models/components/accelergy_plug_ins/__pycache__/X2X_ladder.cpython-310.pyc. Errors below are likely due to plug-in, not Accelergy.
2025-04-10 17:30:23 INFO        Loading Python plug-in: /home/workspace/models/components/accelergy_plug_ins/misc.py. Errors below are likely due to plug-in, not Accelergy.
2025-04-10 17:30:23 INFO        Getting all estimators in module <module 'python_plug_in4' from '/home/workspace/models/components/accelergy_plug_ins/misc.py'>
2025-04-10 17:30:23 INFO        Added estimator Capacitor that estimates capacitor with actions charge, idle, leak, raise_voltage_to, raise_voltage_to_from_non_supply, read, switch, update, write, leak
2025-04-10 17:30:23 INFO        Added estimator PassGate that estimates pass_gate with actions idle, leak
2025-04-10 17:30:23 INFO        Added estimator Wire that estimates wire with actions charge, idle, leak, raise_voltage_to, raise_voltage_to_from_non_supply, read, switch, update, write, leak
2025-04-10 17:30:23 INFO        Loading Python plug-in: /home/workspace/models/components/accelergy_plug_ins/X2X_ladder.py. Errors below are likely due to plug-in, not Accelergy.
2025-04-10 17:30:23 INFO        Getting all estimators in module <module 'python_plug_in5' from '/home/workspace/models/components/accelergy_plug_ins/X2X_ladder.py'>
2025-04-10 17:30:23 INFO        Added estimator DigitalAnalogConverterX2XLadder that estimates dac_x2x_ladder with actions convert, idle, leak, leak
2025-04-10 17:30:23 INFO        Added estimator DigitalAnalogConverter_C2C that estimates dac_c2c_ladder with actions convert, idle, leak, leak
2025-04-10 17:30:23 INFO        Added estimator DigitalAnalogConverter_R2R that estimates dac_r2r_ladder with actions convert, idle, leak, leak
2025-04-10 17:30:23 INFO        Loading Python plug-in: /home/workspace/models/components/accelergy_plug_ins/utils/bit_functions.py. Errors below are likely due to plug-in, not Accelergy.
2025-04-10 17:30:23 INFO        Getting all estimators in module <module 'python_plug_in6' from '/home/workspace/models/components/accelergy_plug_ins/utils/bit_functions.py'>
2025-04-10 17:30:23 INFO        Loading Python plug-in: /home/workspace/models/components/accelergy_plug_ins/utils/__init__.py. Errors below are likely due to plug-in, not Accelergy.
2025-04-10 17:30:23 INFO        Getting all estimators in module <module 'python_plug_in7' from '/home/workspace/models/components/accelergy_plug_ins/utils/__init__.py'>
2025-04-10 17:30:23 INFO        Loading Python plug-in: /home/workspace/models/components/accelergy_plug_ins/utils/__pycache__/bit_functions.cpython-310.pyc. Errors below are likely due to plug-in, not Accelergy.
2025-04-10 17:30:23 INFO        Loading Python plug-in: /home/workspace/models/components/accelergy_plug_ins/utils/__pycache__/__init__.cpython-310.pyc. Errors below are likely due to plug-in, not Accelergy.
2025-04-10 17:30:23 INFO        Loading Python plug-in: /home/workspace/models/components/accelergy_plug_ins/__pycache__/misc.cpython-310.pyc. Errors below are likely due to plug-in, not Accelergy.
2025-04-10 17:30:23 INFO        Loading Python plug-in: /home/workspace/models/components/accelergy_plug_ins/__pycache__/X2X_ladder.cpython-310.pyc. Errors below are likely due to plug-in, not Accelergy.
2025-04-10 17:30:23 INFO        Loading Python plug-in: /usr/local/share/accelergy/estimation_plug_ins/accelergy-cacti-plug-in/cacti_wrapper.py. Errors below are likely due to plug-in, not Accelergy.
2025-04-10 17:30:23 INFO        Getting all estimators in module <module 'python_plug_in8' from '/usr/local/share/accelergy/estimation_plug_ins/accelergy-cacti-plug-in/cacti_wrapper.py'>
2025-04-10 17:30:23 INFO        Added estimator CactiCache that estimates cache with actions idle, read, read_access, update, update_access, write, write_access, leak
2025-04-10 17:30:23 INFO        Added estimator CactiDRAM that estimates ['DRAM', 'dram'] with actions idle, read, update, write, leak
2025-04-10 17:30:23 INFO        Added estimator CactiSRAM that estimates ['SRAM', 'sram'] with actions idle, read, update, write, leak
2025-04-10 17:30:23 INFO        Done loading Python plug-ins.
2025-04-10 17:30:23 INFO        Found estimator plug-in: Neurosim Plug-In (<NeuroWrapper.NeuroWrapper object at 0x7f608bfd3820>)
2025-04-10 17:30:23 INFO        Found estimator plug-in: dummy (<DummyTable.DummyTable object at 0x7f608bfd2e60>)
2025-04-10 17:30:23 INFO        Found estimator plug-in: Library (<LibraryEstimator.LibraryEstimator object at 0x7f608bebd6c0>)
2025-04-10 17:30:23 INFO        Found estimator plug-in: Aladdin_table (<AladdinTable.AladdinTable object at 0x7f608bebe5f0>)
2025-04-10 17:30:23 INFO        Found estimator plug-in: ADC Plug-In (<ADCEstimator.ADCEstimator object at 0x7f608c1696c0>)
2025-04-10 17:30:23 INFO        Found estimator plug-in: DEPRECATED table-based-plug-ins. Use the Library plug-in instead. (<SetsOfTables.SetsOfTables object at 0x7f608c16bc40>)
2025-04-10 17:30:23 INFO        Found estimator plug-in: Capacitor (<accelergy.plug_in_interface.estimator_wrapper.EstimatorWrapper object at 0x7f608bed3e50>)
2025-04-10 17:30:23 INFO        Found estimator plug-in: PassGate (<accelergy.plug_in_interface.estimator_wrapper.EstimatorWrapper object at 0x7f608bed3760>)
2025-04-10 17:30:23 INFO        Found estimator plug-in: Wire (<accelergy.plug_in_interface.estimator_wrapper.EstimatorWrapper object at 0x7f608bed33a0>)
2025-04-10 17:30:23 INFO        Found estimator plug-in: DigitalAnalogConverterX2XLadder (<accelergy.plug_in_interface.estimator_wrapper.EstimatorWrapper object at 0x7f608bed26b0>)
2025-04-10 17:30:23 INFO        Found estimator plug-in: DigitalAnalogConverter_C2C (<accelergy.plug_in_interface.estimator_wrapper.EstimatorWrapper object at 0x7f608bfd3eb0>)
2025-04-10 17:30:23 INFO        Found estimator plug-in: DigitalAnalogConverter_R2R (<accelergy.plug_in_interface.estimator_wrapper.EstimatorWrapper object at 0x7f608bfd3be0>)
2025-04-10 17:30:23 INFO        Found estimator plug-in: Capacitor (<accelergy.plug_in_interface.estimator_wrapper.EstimatorWrapper object at 0x7f608c0049d0>)
2025-04-10 17:30:23 INFO        Found estimator plug-in: PassGate (<accelergy.plug_in_interface.estimator_wrapper.EstimatorWrapper object at 0x7f608c004a00>)
2025-04-10 17:30:23 INFO        Found estimator plug-in: Wire (<accelergy.plug_in_interface.estimator_wrapper.EstimatorWrapper object at 0x7f608c004ca0>)
2025-04-10 17:30:23 INFO        Found estimator plug-in: DigitalAnalogConverterX2XLadder (<accelergy.plug_in_interface.estimator_wrapper.EstimatorWrapper object at 0x7f608c004f10>)
2025-04-10 17:30:23 INFO        Found estimator plug-in: DigitalAnalogConverter_C2C (<accelergy.plug_in_interface.estimator_wrapper.EstimatorWrapper object at 0x7f608c004ee0>)
2025-04-10 17:30:23 INFO        Found estimator plug-in: DigitalAnalogConverter_R2R (<accelergy.plug_in_interface.estimator_wrapper.EstimatorWrapper object at 0x7f608c005960>)
2025-04-10 17:30:23 INFO        Found estimator plug-in: CactiCache (<accelergy.plug_in_interface.estimator_wrapper.EstimatorWrapper object at 0x7f608c0044c0>)
2025-04-10 17:30:23 INFO        Found estimator plug-in: CactiDRAM (<accelergy.plug_in_interface.estimator_wrapper.EstimatorWrapper object at 0x7f608c004760>)
2025-04-10 17:30:23 INFO        Found estimator plug-in: CactiSRAM (<accelergy.plug_in_interface.estimator_wrapper.EstimatorWrapper object at 0x7f608c0043d0>)
2025-04-10 17:30:23 WARNING     Plug-in Capacitor is already added
2025-04-10 17:30:23 WARNING     Plug-in PassGate is already added
2025-04-10 17:30:23 WARNING     Plug-in Wire is already added
2025-04-10 17:30:23 WARNING     Plug-in DigitalAnalogConverterX2XLadder is already added
2025-04-10 17:30:23 WARNING     Plug-in DigitalAnalogConverter_C2C is already added
2025-04-10 17:30:23 WARNING     Plug-in DigitalAnalogConverter_R2R is already added
2025-04-10 17:30:23 INFO        Calculated adc."n_adcs" as "n_adcs" = 8.
2025-04-10 17:30:23 INFO        Calculated adc."adc_resolution" as "resolution" = 5.
2025-04-10 17:30:23 INFO        Calculated adc."resolution" as "resolution" = 5.
2025-04-10 17:30:23 INFO        Calculated adc."throughput" as "1 / cycle_seconds * cols_active_at_once * throughput_scale" = 1280000000.0.
2025-04-10 17:30:23 INFO        Calculated adc."plug_in" as "adc_estimator_plug_in" = None.
2025-04-10 17:30:23 INFO        Calculated adc."rows" as "rows" = 128.
2025-04-10 17:30:23 INFO        Calculated adc."cols" as "cols" = 512.
2025-04-10 17:30:23 INFO        Calculated adc."cols_active_at_once" as "cols_active_at_once" = 128.
2025-04-10 17:30:23 INFO        Calculated adc."cell_config" as "cell_config" = /home/workspace/models/memory_cells/sram_example.cell.yaml.
2025-04-10 17:30:23 INFO        Calculated adc."average_input_value" as "average_input_value" = 0.55936336732541.
2025-04-10 17:30:23 INFO        Calculated adc."average_cell_value" as "average_cell_value" = 0.49134158926728555.
2025-04-10 17:30:23 INFO        Calculated adc."cycle_seconds" as "cycle_seconds" = 1e-07.
2025-04-10 17:30:23 INFO        Calculated adc."voltage_dac_bits" as "voltage_dac_bits" = None.
2025-04-10 17:30:23 INFO        Calculated adc."temporal_dac_bits" as "temporal_dac_bits" = 8.
2025-04-10 17:30:23 INFO        Calculated adc."temporal_spiking" as "temporal_spiking" = None.
2025-04-10 17:30:23 INFO        Calculated adc."read_pulse_width" as "read_pulse_width" = 1e-09.
2025-04-10 17:30:23 INFO        Calculated adc."voltage" as "voltage" = 1.
2025-04-10 17:30:23 INFO        Calculated adc."threshold_voltage" as "threshold_voltage" = 0.
2025-04-10 17:30:23 INFO        Calculated adc."sequential" as "sequential" = False.
2025-04-10 17:30:24 INFO        Calculated adc.area_scale as "adc_area_scale" = 1.
2025-04-10 17:30:24 INFO        Calculated action read energy_scale as "adc_energy_scale" = 1.
2025-04-10 17:30:24 INFO        Calculated array_column_drivers."rows" as "rows" = 128.
2025-04-10 17:30:24 INFO        Calculated array_column_drivers."cols" as "cols" = 512.
2025-04-10 17:30:24 INFO        Calculated array_column_drivers."cols_active_at_once" as "cols_active_at_once" = 128.
2025-04-10 17:30:24 INFO        Calculated array_column_drivers."cell_config" as "cell_config" = /home/workspace/models/memory_cells/sram_example.cell.yaml.
2025-04-10 17:30:24 INFO        Calculated array_column_drivers."average_input_value" as "average_input_value" = 0.55936336732541.
2025-04-10 17:30:24 INFO        Calculated array_column_drivers."average_cell_value" as "average_cell_value" = 0.49134158926728555.
2025-04-10 17:30:24 INFO        Calculated array_column_drivers."cycle_seconds" as "cycle_seconds" = 1e-07.
2025-04-10 17:30:24 INFO        Calculated array_column_drivers."voltage_dac_bits" as "voltage_dac_bits" = None.
2025-04-10 17:30:24 INFO        Calculated array_column_drivers."temporal_dac_bits" as "temporal_dac_bits" = 8.
2025-04-10 17:30:24 INFO        Calculated array_column_drivers."temporal_spiking" as "temporal_spiking" = None.
2025-04-10 17:30:24 INFO        Calculated array_column_drivers."read_pulse_width" as "read_pulse_width" = 1e-09.
2025-04-10 17:30:24 INFO        Calculated array_column_drivers."voltage" as "voltage" = 1.
2025-04-10 17:30:24 INFO        Calculated array_column_drivers."threshold_voltage" as "threshold_voltage" = 0.
2025-04-10 17:30:24 INFO        Calculated array_column_drivers."sequential" as "sequential" = False.
2025-04-10 17:30:24 INFO        Calculated array_column_drivers.area_scale as "ROW_COL_DRIVERS_AREA_SCALE" = 1.
2025-04-10 17:30:24 INFO        Calculated array_row_drivers."rows" as "rows" = 128.
2025-04-10 17:30:24 INFO        Calculated array_row_drivers."cols" as "cols" = 512.
2025-04-10 17:30:24 INFO        Calculated array_row_drivers."cols_active_at_once" as "cols_active_at_once" = 128.
2025-04-10 17:30:24 INFO        Calculated array_row_drivers."cell_config" as "cell_config" = /home/workspace/models/memory_cells/sram_example.cell.yaml.
2025-04-10 17:30:24 INFO        Calculated array_row_drivers."average_input_value" as "average_input_value" = 0.55936336732541.
2025-04-10 17:30:24 INFO        Calculated array_row_drivers."average_cell_value" as "average_cell_value" = 0.49134158926728555.
2025-04-10 17:30:24 INFO        Calculated array_row_drivers."cycle_seconds" as "cycle_seconds" = 1e-07.
2025-04-10 17:30:24 INFO        Calculated array_row_drivers."voltage_dac_bits" as "voltage_dac_bits" = None.
2025-04-10 17:30:24 INFO        Calculated array_row_drivers."temporal_dac_bits" as "temporal_dac_bits" = 8.
2025-04-10 17:30:24 INFO        Calculated array_row_drivers."temporal_spiking" as "temporal_spiking" = True.
2025-04-10 17:30:24 INFO        Calculated array_row_drivers."read_pulse_width" as "read_pulse_width" = 1e-09.
2025-04-10 17:30:24 INFO        Calculated array_row_drivers."voltage" as "voltage" = 1.
2025-04-10 17:30:24 INFO        Calculated array_row_drivers."threshold_voltage" as "threshold_voltage" = 0.
2025-04-10 17:30:24 INFO        Calculated array_row_drivers."sequential" as "sequential" = False.
2025-04-10 17:30:24 INFO        Calculated array_row_drivers.area_scale as "ROW_COL_DRIVERS_AREA_SCALE" = 1.
2025-04-10 17:30:25 INFO        Calculated cell."rows" as "rows" = 128.
2025-04-10 17:30:25 INFO        Calculated cell."cols" as "cols" = 512.
2025-04-10 17:30:25 INFO        Calculated cell."cols_active_at_once" as "cols_active_at_once" = 128.
2025-04-10 17:30:25 INFO        Calculated cell."cell_config" as "cell_config" = /home/workspace/models/memory_cells/sram_example.cell.yaml.
2025-04-10 17:30:25 INFO        Calculated cell."average_input_value" as "average_input_value" = 0.55936336732541.
2025-04-10 17:30:25 INFO        Calculated cell."average_cell_value" as "average_cell_value" = 0.49134158926728555.
2025-04-10 17:30:25 INFO        Calculated cell."cycle_seconds" as "cycle_seconds" = 1e-07.
2025-04-10 17:30:25 INFO        Calculated cell."voltage_dac_bits" as "voltage_dac_bits" = None.
2025-04-10 17:30:25 INFO        Calculated cell."temporal_dac_bits" as "temporal_dac_bits" = 8.
2025-04-10 17:30:25 INFO        Calculated cell."temporal_spiking" as "temporal_spiking" = None.
2025-04-10 17:30:25 INFO        Calculated cell."read_pulse_width" as "read_pulse_width" = 1e-09.
2025-04-10 17:30:25 INFO        Calculated cell."voltage" as "voltage" = 1.
2025-04-10 17:30:25 INFO        Calculated cell."threshold_voltage" as "threshold_voltage" = 0.
2025-04-10 17:30:25 INFO        Calculated cell."sequential" as "sequential" = False.
2025-04-10 17:30:25 INFO        Calculated cell.area_scale as "width_cells * depth_cells" = 4.
2025-04-10 17:30:25 INFO        Calculated action read energy_scale as "width_cells" = 4.
2025-04-10 17:30:25 INFO        Calculated action write energy_scale as "width_cells" = 4.
2025-04-10 17:30:25 INFO        Calculated action leak energy_scale as "width_cells * depth_cells" = 4.
2025-04-10 17:30:25 INFO        
2025-04-10 17:30:25 INFO        ENERGY ESTIMATION for array_adc(n_adcs=8, adc_resolution=5, resolution=5, throughput=1280000000, rows=128, cols=512, cols_active_at_once=128, cell_config=/home/workspace/models/memory_cells/sram_example.cell.yaml, average_input_value=0.55936336732541, average_cell_value=0.49134158926728555, cycle_seconds=1e-07, temporal_dac_bits=8, read_pulse_width=1e-09, voltage=1, threshold_voltage=0, sequential=False, global_cycle_seconds=1e-07, action_latency_cycles=1, technology=22, n_instances=1).read(global_cycle_seconds=1e-07, action_latency_cycles=1, cycle_seconds=1e-07, technology=22, n_instances=1)
2025-04-10 17:30:25 INFO        ADC Plug-In estimated 0.4628700190200001p with accuracy 75%. Messages:
2025-04-10 17:30:25 INFO        | Accelergy requested ADC energy estimation with attributes: 
2025-04-10 17:30:25 INFO        |  	n_adcs: 8
2025-04-10 17:30:25 INFO        |  	adc_resolution: 5
2025-04-10 17:30:25 INFO        |  	resolution: 5
2025-04-10 17:30:25 INFO        |  	throughput: 1280000000
2025-04-10 17:30:25 INFO        |  	rows: 128
2025-04-10 17:30:25 INFO        |  	cols: 512
2025-04-10 17:30:25 INFO        |  	cols_active_at_once: 128
2025-04-10 17:30:25 INFO        |  	cell_config: /home/workspace/models/memory_cells/sram_example.cell.yaml
2025-04-10 17:30:25 INFO        |  	average_input_value: 0.55936336732541
2025-04-10 17:30:25 INFO        |  	average_cell_value: 0.49134158926728555
2025-04-10 17:30:25 INFO        |  	cycle_seconds: 1e-07
2025-04-10 17:30:25 INFO        |  	temporal_dac_bits: 8
2025-04-10 17:30:25 INFO        |  	read_pulse_width: 1e-09
2025-04-10 17:30:25 INFO        |  	voltage: 1
2025-04-10 17:30:25 INFO        |  	threshold_voltage: 0
2025-04-10 17:30:25 INFO        |  	sequential: False
2025-04-10 17:30:25 INFO        |  	global_cycle_seconds: 1e-07
2025-04-10 17:30:25 INFO        |  	action_latency_cycles: 1
2025-04-10 17:30:25 INFO        |  	technology: 22
2025-04-10 17:30:25 INFO        |  	n_instances: 1
2025-04-10 17:30:25 INFO        |  
2025-04-10 17:30:25 INFO        | 	Alternative designs:
2025-04-10 17:30:25 INFO        | 	         3.000000 ADCs running at 4.266667E+08Hz: 4.628700E-01pJ/op, 7.156262E-03mm^2
2025-04-10 17:30:25 INFO        | 	         4.000000 ADCs running at 3.200000E+08Hz: 4.628700E-01pJ/op, 9.058298E-03mm^2
2025-04-10 17:30:25 INFO        | 	         5.000000 ADCs running at 2.560000E+08Hz: 4.628700E-01pJ/op, 1.087536E-02mm^2
2025-04-10 17:30:25 INFO        | 	         6.000000 ADCs running at 2.133333E+08Hz: 4.628700E-01pJ/op, 1.262744E-02mm^2
2025-04-10 17:30:25 INFO        | 	         7.000000 ADCs running at 1.828571E+08Hz: 4.628700E-01pJ/op, 1.432729E-02mm^2
2025-04-10 17:30:25 INFO        | 	CHOSEN > 8.000000 ADCs running at 1.600000E+08Hz: 4.628700E-01pJ/op, 1.598365E-02mm^2
2025-04-10 17:30:25 INFO        | 	         9.000000 ADCs running at 1.422222E+08Hz: 4.628700E-01pJ/op, 1.760290E-02mm^2
2025-04-10 17:30:25 INFO        | 	         10.000000 ADCs running at 1.280000E+08Hz: 4.628700E-01pJ/op, 1.918990E-02mm^2
2025-04-10 17:30:25 INFO        | 	         11.000000 ADCs running at 1.163636E+08Hz: 4.628700E-01pJ/op, 2.074843E-02mm^2
2025-04-10 17:30:25 INFO        | 	         12.000000 ADCs running at 1.066667E+08Hz: 4.628700E-01pJ/op, 2.228152E-02mm^2
2025-04-10 17:30:25 INFO        | 
2025-04-10 17:30:25 INFO        | Generated model uses 4.628700E-01 pJ/op.
2025-04-10 17:30:25 INFO        
2025-04-10 17:30:25 INFO        ENERGY ESTIMATION for array_adc(n_adcs=8, adc_resolution=5, resolution=5, throughput=1280000000, rows=128, cols=512, cols_active_at_once=128, cell_config=/home/workspace/models/memory_cells/sram_example.cell.yaml, average_input_value=0.55936336732541, average_cell_value=0.49134158926728555, cycle_seconds=1e-07, temporal_dac_bits=8, read_pulse_width=1e-09, voltage=1, threshold_voltage=0, sequential=False, global_cycle_seconds=1e-07, action_latency_cycles=1, technology=22, n_instances=1).leak(global_cycle_seconds=1e-07, action_latency_cycles=1, cycle_seconds=1e-07, technology=22, n_instances=1)
2025-04-10 17:30:25 INFO        ADC Plug-In estimated 0p with accuracy 75%. Messages:
2025-04-10 17:30:25 INFO        | Multiplying by n_instances 1
2025-04-10 17:30:25 INFO        
2025-04-10 17:30:25 INFO        ENERGY ESTIMATION for array_col_drivers(rows=128, cols=512, cols_active_at_once=128, cell_config=/home/workspace/models/memory_cells/sram_example.cell.yaml, average_input_value=0.55936336732541, average_cell_value=0.49134158926728555, cycle_seconds=1e-07, temporal_dac_bits=8, read_pulse_width=1e-09, voltage=1, threshold_voltage=0, sequential=False, global_cycle_seconds=1e-07, action_latency_cycles=1, technology=22, n_instances=1).read(global_cycle_seconds=1e-07, action_latency_cycles=1, cycle_seconds=1e-07, technology=22, n_instances=1)
2025-04-10 17:30:25 INFO        Neurosim Plug-In estimated 0.003257342522p with accuracy 70%. Messages:
2025-04-10 17:30:25 INFO        | Building a crossbar with cell file /home/workspace/models/memory_cells/sram_example.cell.yaml
2025-04-10 17:30:25 INFO        | Neurosim Plugin parsing cell file...
2025-04-10 17:30:25 INFO        | 	Failed to calculate "WriteVoltage:". Ignore if this value is not needed.
2025-04-10 17:30:25 INFO        | 		Could not find -WriteVoltage (V): in cell file.
2025-04-10 17:30:25 INFO        | 	Failed to calculate "SET_ENERGY". Ignore if this value is not needed.
2025-04-10 17:30:25 INFO        | 		Could not find -SetEnergy (pJ): in cell file.
2025-04-10 17:30:25 INFO        | 	Failed to calculate "SET_CURRENT". Ignore if this value is not needed.
2025-04-10 17:30:25 INFO        | 		Could not find -SetCurrent (uA): in cell file.
2025-04-10 17:30:25 INFO        | 	Failed to calculate "SET_POWER". Ignore if this value is not needed.
2025-04-10 17:30:25 INFO        | 		Could not find -SetPower (uW): in cell file.
2025-04-10 17:30:25 INFO        | 	Failed to calculate "READ_CURRENT". Ignore if this value is not needed.
2025-04-10 17:30:25 INFO        | 		Could not find -ReadCurrent (uA): in cell file.
2025-04-10 17:30:25 INFO        | 	Failed to calculate "READ_ENERGY". Ignore if this value is not needed.
2025-04-10 17:30:25 INFO        | 		Could not find -ReadEnergy (pJ): in cell file.
2025-04-10 17:30:25 INFO        | 	Failed to calculate "READ_POWER". Ignore if this value is not needed.
2025-04-10 17:30:25 INFO        | 		Could not find -ReadPower (uW): in cell file.
2025-04-10 17:30:25 INFO        | Running /usr/local/share/accelergy/estimation_plug_ins/accelergy-neurosim-plugin/NeuroSim/main /usr/local/share/accelergy/estimation_plug_ins/accelergy-neurosim-plugin/neurosim_input_1252.cfg
2025-04-10 17:30:25 INFO        | Crossbar minimum latency is 21.294 ns to read 128.0 columns at once.
2025-04-10 17:30:25 INFO        | Minimum crossbar latency of 21.294 ns is less than the cycle time of 100.0 ns.
2025-04-10 17:30:25 INFO        
2025-04-10 17:30:25 INFO        ENERGY ESTIMATION for array_col_drivers(rows=128, cols=512, cols_active_at_once=128, cell_config=/home/workspace/models/memory_cells/sram_example.cell.yaml, average_input_value=0.55936336732541, average_cell_value=0.49134158926728555, cycle_seconds=1e-07, temporal_dac_bits=8, read_pulse_width=1e-09, voltage=1, threshold_voltage=0, sequential=False, global_cycle_seconds=1e-07, action_latency_cycles=1, technology=22, n_instances=1).leak(global_cycle_seconds=1e-07, action_latency_cycles=1, cycle_seconds=1e-07, technology=22, n_instances=1)
2025-04-10 17:30:25 INFO        Neurosim Plug-In estimated 1.161604e-12p with accuracy 70%. Messages:
2025-04-10 17:30:25 INFO        | Multiplying by n_instances 1
2025-04-10 17:30:25 INFO        
2025-04-10 17:30:25 INFO        ENERGY ESTIMATION for array_row_drivers(rows=128, cols=512, cols_active_at_once=128, cell_config=/home/workspace/models/memory_cells/sram_example.cell.yaml, average_input_value=0.55936336732541, average_cell_value=0.49134158926728555, cycle_seconds=1e-07, temporal_dac_bits=8, temporal_spiking=True, read_pulse_width=1e-09, voltage=1, threshold_voltage=0, sequential=False, global_cycle_seconds=1e-07, action_latency_cycles=1, technology=22, n_instances=1).read(global_cycle_seconds=1e-07, action_latency_cycles=1, cycle_seconds=1e-07, technology=22, n_instances=1)
2025-04-10 17:30:25 INFO        Neurosim Plug-In estimated 0.7001209453190516p with accuracy 70%. Messages:
2025-04-10 17:30:25 INFO        | Building a crossbar with cell file /home/workspace/models/memory_cells/sram_example.cell.yaml
2025-04-10 17:30:25 INFO        | Neurosim Plugin parsing cell file...
2025-04-10 17:30:25 INFO        | 	Failed to calculate "WriteVoltage:". Ignore if this value is not needed.
2025-04-10 17:30:25 INFO        | 		Could not find -WriteVoltage (V): in cell file.
2025-04-10 17:30:25 INFO        | 	Failed to calculate "SET_ENERGY". Ignore if this value is not needed.
2025-04-10 17:30:25 INFO        | 		Could not find -SetEnergy (pJ): in cell file.
2025-04-10 17:30:25 INFO        | 	Failed to calculate "SET_CURRENT". Ignore if this value is not needed.
2025-04-10 17:30:25 INFO        | 		Could not find -SetCurrent (uA): in cell file.
2025-04-10 17:30:25 INFO        | 	Failed to calculate "SET_POWER". Ignore if this value is not needed.
2025-04-10 17:30:25 INFO        | 		Could not find -SetPower (uW): in cell file.
2025-04-10 17:30:25 INFO        | 	Failed to calculate "READ_CURRENT". Ignore if this value is not needed.
2025-04-10 17:30:25 INFO        | 		Could not find -ReadCurrent (uA): in cell file.
2025-04-10 17:30:25 INFO        | 	Failed to calculate "READ_ENERGY". Ignore if this value is not needed.
2025-04-10 17:30:25 INFO        | 		Could not find -ReadEnergy (pJ): in cell file.
2025-04-10 17:30:25 INFO        | 	Failed to calculate "READ_POWER". Ignore if this value is not needed.
2025-04-10 17:30:25 INFO        | 		Could not find -ReadPower (uW): in cell file.
2025-04-10 17:30:25 INFO        | Running /usr/local/share/accelergy/estimation_plug_ins/accelergy-neurosim-plugin/NeuroSim/main /usr/local/share/accelergy/estimation_plug_ins/accelergy-neurosim-plugin/neurosim_input_1252.cfg
2025-04-10 17:30:25 INFO        | Crossbar minimum latency is 21.294 ns to read 128.0 columns at once.
2025-04-10 17:30:25 INFO        | Minimum crossbar latency of 21.294 ns is less than the cycle time of 100.0 ns.
2025-04-10 17:30:25 INFO        
2025-04-10 17:30:25 INFO        ENERGY ESTIMATION for array_row_drivers(rows=128, cols=512, cols_active_at_once=128, cell_config=/home/workspace/models/memory_cells/sram_example.cell.yaml, average_input_value=0.55936336732541, average_cell_value=0.49134158926728555, cycle_seconds=1e-07, temporal_dac_bits=8, temporal_spiking=True, read_pulse_width=1e-09, voltage=1, threshold_voltage=0, sequential=False, global_cycle_seconds=1e-07, action_latency_cycles=1, technology=22, n_instances=1).leak(global_cycle_seconds=1e-07, action_latency_cycles=1, cycle_seconds=1e-07, technology=22, n_instances=1)
2025-04-10 17:30:25 INFO        Neurosim Plug-In estimated 5.885439999999998e-10p with accuracy 70%. Messages:
2025-04-10 17:30:25 INFO        | Multiplying by n_instances 1
2025-04-10 17:30:25 INFO        
2025-04-10 17:30:25 INFO        ENERGY ESTIMATION for memory_cell(adc_resolution=0, rows=128, cols=512, cols_active_at_once=128, cell_config=/home/workspace/models/memory_cells/sram_example.cell.yaml, average_input_value=0.55936336732541, average_cell_value=0.49134158926728555, cycle_seconds=1e-07, temporal_dac_bits=8, read_pulse_width=1e-09, voltage=1, threshold_voltage=0, sequential=False, global_cycle_seconds=1e-07, action_latency_cycles=1, technology=22, n_instances=1).read(global_cycle_seconds=1e-07, action_latency_cycles=1, cycle_seconds=1e-07, technology=22, n_instances=1)
2025-04-10 17:30:25 INFO        Neurosim Plug-In estimated 0.0p with accuracy 70%. 
2025-04-10 17:30:25 INFO        
2025-04-10 17:30:25 INFO        ENERGY ESTIMATION for memory_cell(adc_resolution=0, rows=128, cols=512, cols_active_at_once=128, cell_config=/home/workspace/models/memory_cells/sram_example.cell.yaml, average_input_value=0.55936336732541, average_cell_value=0.49134158926728555, cycle_seconds=1e-07, temporal_dac_bits=8, read_pulse_width=1e-09, voltage=1, threshold_voltage=0, sequential=False, global_cycle_seconds=1e-07, action_latency_cycles=1, technology=22, n_instances=1).write(global_cycle_seconds=1e-07, action_latency_cycles=1, cycle_seconds=1e-07, technology=22, n_instances=1)
2025-04-10 17:30:25 INFO        Neurosim Plug-In estimated 0.7119893939999999p with accuracy 70%. 
2025-04-10 17:30:25 INFO        
2025-04-10 17:30:25 INFO        ENERGY ESTIMATION for memory_cell(adc_resolution=0, rows=128, cols=512, cols_active_at_once=128, cell_config=/home/workspace/models/memory_cells/sram_example.cell.yaml, average_input_value=0.55936336732541, average_cell_value=0.49134158926728555, cycle_seconds=1e-07, temporal_dac_bits=8, read_pulse_width=1e-09, voltage=1, threshold_voltage=0, sequential=False, global_cycle_seconds=1e-07, action_latency_cycles=1, technology=22, n_instances=1).leak(global_cycle_seconds=1e-07, action_latency_cycles=1, cycle_seconds=1e-07, technology=22, n_instances=1)
2025-04-10 17:30:25 INFO        Neurosim Plug-In estimated 4.4e-06p with accuracy 70%. Messages:
2025-04-10 17:30:25 INFO        | Multiplying by n_instances 1
2025-04-10 17:30:25 WARNING     No action counts are specified as yaml input
2025-04-10 17:30:25 INFO        
2025-04-10 17:30:25 INFO        AREA ESTIMATION for array_adc(n_adcs=8, adc_resolution=5, resolution=5, throughput=1280000000, rows=128, cols=512, cols_active_at_once=128, cell_config=/home/workspace/models/memory_cells/sram_example.cell.yaml, average_input_value=0.55936336732541, average_cell_value=0.49134158926728555, cycle_seconds=1e-07, temporal_dac_bits=8, read_pulse_width=1e-09, voltage=1, threshold_voltage=0, sequential=False, global_cycle_seconds=1e-07, action_latency_cycles=1, technology=22, n_instances=1)
2025-04-10 17:30:25 INFO        ADC Plug-In estimated 15983.646474237637u^2 with accuracy 75%. Messages:
2025-04-10 17:30:25 INFO        | Accelergy requested ADC energy estimation with attributes: 
2025-04-10 17:30:25 INFO        |  	n_adcs: 8
2025-04-10 17:30:25 INFO        |  	adc_resolution: 5
2025-04-10 17:30:25 INFO        |  	resolution: 5
2025-04-10 17:30:25 INFO        |  	throughput: 1280000000
2025-04-10 17:30:25 INFO        |  	rows: 128
2025-04-10 17:30:25 INFO        |  	cols: 512
2025-04-10 17:30:25 INFO        |  	cols_active_at_once: 128
2025-04-10 17:30:25 INFO        |  	cell_config: /home/workspace/models/memory_cells/sram_example.cell.yaml
2025-04-10 17:30:25 INFO        |  	average_input_value: 0.55936336732541
2025-04-10 17:30:25 INFO        |  	average_cell_value: 0.49134158926728555
2025-04-10 17:30:25 INFO        |  	cycle_seconds: 1e-07
2025-04-10 17:30:25 INFO        |  	temporal_dac_bits: 8
2025-04-10 17:30:25 INFO        |  	read_pulse_width: 1e-09
2025-04-10 17:30:25 INFO        |  	voltage: 1
2025-04-10 17:30:25 INFO        |  	threshold_voltage: 0
2025-04-10 17:30:25 INFO        |  	sequential: False
2025-04-10 17:30:25 INFO        |  	global_cycle_seconds: 1e-07
2025-04-10 17:30:25 INFO        |  	action_latency_cycles: 1
2025-04-10 17:30:25 INFO        |  	technology: 22
2025-04-10 17:30:25 INFO        |  	n_instances: 1
2025-04-10 17:30:25 INFO        |  
2025-04-10 17:30:25 INFO        | Generated model uses 1.598365E+04 um^2 total.
2025-04-10 17:30:25 INFO        | Multiplying by n_instances 1
2025-04-10 17:30:25 INFO        
2025-04-10 17:30:25 INFO        AREA ESTIMATION for array_col_drivers(rows=128, cols=512, cols_active_at_once=128, cell_config=/home/workspace/models/memory_cells/sram_example.cell.yaml, average_input_value=0.55936336732541, average_cell_value=0.49134158926728555, cycle_seconds=1e-07, temporal_dac_bits=8, read_pulse_width=1e-09, voltage=1, threshold_voltage=0, sequential=False, global_cycle_seconds=1e-07, action_latency_cycles=1, technology=22, n_instances=1)
2025-04-10 17:30:25 INFO        Neurosim Plug-In estimated 463.56016600000004u^2 with accuracy 70%. Messages:
2025-04-10 17:30:25 INFO        | Multiplying by n_instances 1
2025-04-10 17:30:25 INFO        
2025-04-10 17:30:25 INFO        AREA ESTIMATION for array_row_drivers(rows=128, cols=512, cols_active_at_once=128, cell_config=/home/workspace/models/memory_cells/sram_example.cell.yaml, average_input_value=0.55936336732541, average_cell_value=0.49134158926728555, cycle_seconds=1e-07, temporal_dac_bits=8, temporal_spiking=True, read_pulse_width=1e-09, voltage=1, threshold_voltage=0, sequential=False, global_cycle_seconds=1e-07, action_latency_cycles=1, technology=22, n_instances=1)
2025-04-10 17:30:25 INFO        Neurosim Plug-In estimated 438.8595u^2 with accuracy 70%. Messages:
2025-04-10 17:30:25 INFO        | Multiplying by n_instances 1
2025-04-10 17:30:25 INFO        
2025-04-10 17:30:25 INFO        AREA ESTIMATION for memory_cell(adc_resolution=0, rows=128, cols=512, cols_active_at_once=128, cell_config=/home/workspace/models/memory_cells/sram_example.cell.yaml, average_input_value=0.55936336732541, average_cell_value=0.49134158926728555, cycle_seconds=1e-07, temporal_dac_bits=8, read_pulse_width=1e-09, voltage=1, threshold_voltage=0, sequential=False, global_cycle_seconds=1e-07, action_latency_cycles=1, technology=22, n_instances=1)
2025-04-10 17:30:25 INFO        Neurosim Plug-In estimated 0.03872u^2 with accuracy 70%. Messages:
2025-04-10 17:30:25 INFO        | Multiplying by n_instances 1
2025-04-10 17:30:26 INFO        flattened architecture is saved to:
2025-04-10 17:30:26 INFO        ./timeloop-mapper.flattened_architecture.yaml
2025-04-10 17:30:26 INFO        energy reference table is saved to:
2025-04-10 17:30:26 INFO        ./timeloop-mapper.ERT.yaml
2025-04-10 17:30:26 INFO        energy reference table summary is saved to:
2025-04-10 17:30:26 INFO        ./timeloop-mapper.ERT_summary.yaml
2025-04-10 17:30:26 WARNING     no runtime energy estimations are generated... not generating energy_estimation.yaml
2025-04-10 17:30:26 INFO        area reference table is saved to:
2025-04-10 17:30:26 INFO        ./timeloop-mapper.ART.yaml
2025-04-10 17:30:26 INFO        area reference table summary is saved to:
2025-04-10 17:30:26 INFO        ./timeloop-mapper.ART_summary.yaml
